max_provinces = 1001
# stats:  695 provinces
# unused: 414 502 506 513-516 529 607 622 643 648-649 654-655 658-664 672-673 678 681 684-685 691 696 699-700 704-710 712 714-731 736-743 749-758 762-780 786-825
definitions = "definition.csv"
provinces = "provinces.bmp"
positions = "positions.txt"
terrain = "terrain.bmp"
rivers = "rivers.bmp"
terrain_definition = "terrain.txt"
heightmap = "topology.bmp"
tree_definition = "trees.bmp"
continent = "continent.txt"
adjacencies = "adjacencies.csv"
climate = "climate.txt"
region = "island_region.txt"
geographical_region = "geographical_region.txt"
static = "statics"
seasons = "seasons.txt"

sea_zones = { 413 413 }
sea_zones = { 415 439 }
sea_zones = { 445 445 }
sea_zones = { 447 482 }
sea_zones = { 1000 1000 }

ocean_region = {	# Great Ocean
	sea_zones = { 1 2 3 4 5 }
}

# Define which indices in trees.bmp palette which should count as trees for automatic terrain assignment
tree = { 3 4 7 10 }

major_rivers = 
{
	# Great Ocean
	445 465 466 467 468 469  #Alba
	477  #Braa
	454 455  #Buina
	478  #Embla
	470 471 472  #Im Lebar
	452 453  #Ismena
	456 457 458 459 460  #Jaruga
	439 447 448 449 450 451  #Pontar
	461 462 463 464  #Sylte
	473 474 475 476  #Yelena

}