max_provinces = 677
definitions = "definition.csv"
provinces = "provinces.bmp"
positions = "positions.txt"
terrain = "terrain.bmp"
rivers = "rivers.bmp"
terrain_definition = "terrain.txt"
heightmap = "topology.bmp"
tree_definition = "trees.bmp"
continent = "continent.txt"
adjacencies = "adjacencies.csv"
climate = "climate.txt"
region = "region.txt"
static = "static.txt"

sea_zones = { 610 634 }
sea_zones = { 675 675 }

ocean_region = {	# Great Ocean
	sea_zones = { 1 2 }
}

# Define which indices in trees.bmp palette which should count as trees for automatic terrain assignment
tree = { 3 4 7 10 }
major_rivers = 
{
	#Lakes that connects to major rivers are seen as normal sea zones so they re added as major river so they don't have ports ( 634 Lake Grim, 615 Lake Wyzima )
	639 641 643 644 645 635 					# Pontar & Lake Wyzima
	676											# Embla
	640	642										# Ismena
	646	647										# Buina
	648	649	655	656	673							# Jaruga
	650	664	665	666								# Sylte
	651	657	654	658	659	660						# Alba & Lake Grim
	661	662	663	672 							# Im	Lebar
	667	668	669	673								# Yelena
	670											# Braa
}
