max_provinces = 472
sea_starts = 393
definitions = "definition.csv"
provinces = "provinces.bmp"
positions = "positions.txt"
terrain = "terrain.bmp"
rivers = "rivers.bmp"
terrain_definition = "terrain.txt"
heightmap = "topology.bmp"
tree_definition = "trees.bmp"
continent = "continent.txt"
adjacencies = "adjacencies.csv"
climate = "climate.txt"
region = "region.txt"
static = "static.txt"

# Define which indices in trees.bmp palette which should count as trees for automatic terrain assignment
tree = { 3 4 7 10 }
major_rivers = 
{
	#Lakes that connects to major rivers are seen as normal sea zones so they re added as major river so they don't have ports ( 434 Lake Grim, 415 Lake Wyzima, 418 Lake Monduirn )
	439	441	443	444	445	440	442	435		#Pontar	&	Ismena							
	446	447	20	20												#Buina		
	448	449	455	456										#Jaruga				
	450	464	465	466										#Sylte				
	451	457	454	458	459	460						#Alba						
	461	462	463												#Im	Lebar		
	467	468	469												#Yelena			
	470																#Braa	
	438																#Lake	Monduirn
}
