max_provinces = 483
definitions = "definition.csv"
provinces = "provinces.bmp"
positions = "positions.txt"
terrain = "terrain.bmp"
rivers = "rivers.bmp"
terrain_definition = "terrain.txt"
heightmap = "topology.bmp"
tree_definition = "trees.bmp"
continent = "continent.txt"
adjacencies = "adjacencies.csv"
climate = "climate.txt"
region = "region.txt"
static = "static.txt"

sea_zones = { 413 482 } # 1

ocean_region = {	# Great Ocean
	sea_zones = { 1 }
}

# Define which indices in trees.bmp palette which should count as trees for automatic terrain assignment
tree = { 3 4 7 10 }

major_rivers = 
{
	#Lakes that connects to major rivers are seen as normal sea zones so they re added as major river so they don't have ports
	447 448 449 450 451 439 					# Pontar & Lake Wyzima
	478											# Embla
	452	453										# Ismena
	454	455										# Buina
	456	457	458	459	460							# Jaruga
	461	462	463	464								# Sylte
	465	466	445	467	468	469						# Alba & Lake Grim
	470	471	472								# Im Lebar
	473	474	475	476								# Yelena
	477											# Braa
}
